Command line invocation:
    /Applications/Xcode.app/Contents/Developer/usr/bin/xcodebuild test-without-building -scheme TrainingOS -destination "platform=iOS Simulator,name=iPhone 17" "-only-testing:TrainingOSTests/AdvanceTacticalWeekCapabilityWiringTests/testAdvancementUsesTheProgramOwnersEvidenceNeverASecondUsersEvidence"

2026-10-02 10:28:33.462380+0200 TrainingOS[30405:76215716] [General] Failed to send CA Event for app launch measurements for ca_event_type: 0 event_name: com.apple.app_launch_measurement.FirstFramePresentationMetric
Test Suite 'Selected tests' started at 2026-10-02 10:28:33.489.
Test Suite 'TrainingOSTests.xctest' started at 2026-10-02 10:28:33.490.
Test Suite 'AdvanceTacticalWeekCapabilityWiringTests' started at 2026-10-02 10:28:33.490.
Test Case '-[TrainingOSTests.AdvanceTacticalWeekCapabilityWiringTests testAdvancementUsesTheProgramOwnersEvidenceNeverASecondUsersEvidence]' started.
2026-10-02 10:28:33.776512+0200 TrainingOS[30405:76215656] [ModelContext] Illegal attempt to insert a model in to a different model context. Model PersistentIdentifier(id: SwiftData.PersistentIdentifier.ID(backing: SwiftData.PersistentIdentifier.PersistentIdentifierBacking.managedObjectID(0x985d4ec33ceaee69 <x-coredata://B7DFDD14-3BD5-4FD2-804B-A5B5C9B7158D/Exercise/p54>))) is already bound to SwiftData.ModelContext but insert was called on SwiftData.ModelContext
2026-10-02 10:28:33.780039+0200 TrainingOS[30405:76215656] [ModelContext] Illegal attempt to insert a model in to a different model context. Model PersistentIdentifier(id: SwiftData.PersistentIdentifier.ID(backing: SwiftData.PersistentIdentifier.PersistentIdentifierBacking.managedObjectID(0x985d4ec3324aee69 <x-coredata://B7DFDD14-3BD5-4FD2-804B-A5B5C9B7158D/Exercise/p67>))) is already bound to SwiftData.ModelContext but insert was called on SwiftData.ModelContext
Test Case '-[TrainingOSTests.AdvanceTacticalWeekCapabilityWiringTests testAdvancementUsesTheProgramOwnersEvidenceNeverASecondUsersEvidence]' passed (0.307 seconds).
Test Suite 'AdvanceTacticalWeekCapabilityWiringTests' passed at 2026-10-02 10:28:33.797.
	 Executed 1 test, with 0 failures (0 unexpected) in 0.307 (0.307) seconds
Test Suite 'TrainingOSTests.xctest' passed at 2026-10-02 10:28:33.797.
	 Executed 1 test, with 0 failures (0 unexpected) in 0.307 (0.307) seconds
Test Suite 'Selected tests' passed at 2026-10-02 10:28:33.797.
	 Executed 1 test, with 0 failures (0 unexpected) in 0.307 (0.308) seconds
2026-10-02 10:28:34.096 xcodebuild[30397:76215418] [MT] IDETestOperationsObserverDebug: 2.062 elapsed -- Testing started completed.
2026-10-02 10:28:34.096 xcodebuild[30397:76215418] [MT] IDETestOperationsObserverDebug: 0.000 sec, +0.000 sec -- start
2026-10-02 10:28:34.096 xcodebuild[30397:76215418] [MT] IDETestOperationsObserverDebug: 2.062 sec, +2.062 sec -- end

Test session results, code coverage, and logs:
	/Users/stefankedling/Library/Developer/Xcode/DerivedData/TrainingOS-heqapafjeoqodgdjjypjihjvfkbc/Logs/Test/Test-TrainingOS-2026.10.02_10-28-31-+0200.xcresult

** TEST EXECUTE SUCCEEDED **

Testing started
